---
source: crates/agent/src/provider/claude/tests.rs
expression: "replay(\"approval_allowed\")"
---
[
    TurnStarted,
    Started {
        session_id: "session",
        account: Account {
            email: Some(
                "composer@example.com",
            ),
            plan: Some(
                "Claude Max",
            ),
        },
        models: [
            Model {
                id: "default",
                name: "Default (recommended)",
                description: "Opus 5.5 · Best for everyday, complex tasks",
            },
        ],
    },
    StepStarted {
        id: StepId(
            "toolu_01AzLDC7QDNN8m7tKx9kjdPv",
        ),
        title: "Ran touch marker.txt",
    },
    ApprovalRequested {
        id: ApprovalId(
            "3f8e8e0a-fac0-49bc-91ab-490409208df2",
        ),
        title: "Run `touch marker.txt`",
    },
    StepDone {
        id: StepId(
            "toolu_01AzLDC7QDNN8m7tKx9kjdPv",
        ),
        outcome: Done,
    },
    TextDelta {
        text: "Created the marker.txt file in the current directory.",
    },
    TextDone {
        text: "Created the marker.txt file in the current directory.",
    },
    TurnEnded {
        outcome: Completed,
    },
    Exited {
        reason: Finished,
    },
]
