---
source: crates/agent/src/provider/claude/tests.rs
expression: first
---
-p --input-format stream-json --output-format stream-json --verbose --include-partial-messages --permission-prompt-tool stdio --permission-mode acceptEdits --allow-dangerously-skip-permissions --session-id id --tools Bash,Read,Edit,Write,Glob,Grep --strict-mcp-config --setting-sources  --disable-slash-commands --add-dir /tmp/project --model haiku --append-system-prompt-file /support/agent/instructions.md
