---
source: crates/agent/src/provider/claude/tests.rs
expression: "replay(\"plain\")"
---
[
    TurnStarted,
    Started {
        session_id: "session",
        account: Account {
            email: Some(
                "composer@example.com",
            ),
            plan: Some(
                "Claude Max",
            ),
        },
        models: [
            Model {
                id: "default",
                name: "Default (recommended)",
                description: "Opus 5.5 · Best for everyday, complex tasks",
                short_name: "Opus 5.5",
            },
        ],
    },
    TextDelta {
        text: "Hello! I'm Claude, and I'm ready to help you with your software engineering tasks.",
    },
    TextDone {
        text: "Hello! I'm Claude, and I'm ready to help you with your software engineering tasks.",
    },
    TurnEnded {
        outcome: Completed,
    },
    Exited {
        reason: Finished,
    },
]
