---
source: crates/agent/src/provider/claude/tests.rs
expression: "replay(\"set_model\")"
---
[
    TurnStarted,
    Started {
        account: Account {
            email: Some(
                "composer@example.com",
            ),
            plan: Some(
                "Claude Max",
            ),
        },
        models: [
            Model {
                id: "default",
                name: "Default (recommended)",
                description: "Opus 5.5 · Best for everyday, complex tasks",
                short_name: "Opus 5.5",
            },
        ],
    },
    Error {
        message: "Claude Code could not change the model: Model 'claude-no-such-model' not found",
    },
    TextDelta {
        text: "ok",
    },
    TextDone {
        text: "ok",
    },
    TurnEnded {
        outcome: Completed,
    },
    Exited {
        reason: Finished,
    },
]
